1        1   (0)      1  : 1.0000 0.0000 0.0000 0.0000 0.0000
2        2   (0)      1  : 0.0000 0.0000 1.0000 0.0000 0.0000
3        3   (0)      1  : 0.0000 0.0056 0.4731 0.3133 0.2081
4        4   (0)      1  : 0.0000 0.0136 0.0000 0.3224 0.6640
5        5   (0)      1  : 0.0000 0.0000 0.7348 0.1419 0.1233
6        6   (0)      1  : 0.0000 0.0000 1.0000 0.0000 0.0000
7        7   (0)      1  : 0.0000 0.0000 0.9177 0.0000 0.0822
8        8   (0)      1  : 0.0699 0.0189 0.6425 0.1567 0.1121
9        9   (0)      1  : 0.3990 0.0000 0.0000 0.0000 0.6010
10       10   (0)      2  : 0.4632 0.0000 0.0000 0.0000 0.5368
11       11   (0)      1  : 0.1393 0.1762 0.3668 0.1399 0.1777
12       12   (0)      1  : 0.0000 0.0000 1.0000 0.0000 0.0000
13       13   (0)      2  : 0.2860 0.0412 0.2030 0.0000 0.4698
14       14   (0)      1  : 0.0000 0.0000 0.0000 0.0000 1.0000
15       15   (0)      1  : 0.0081 0.0000 0.7919 0.0000 0.2000
16       16   (0)      1  : 0.5785 0.4214 0.0000 0.0000 0.0000
17       17   (0)      1  : 0.0000 0.0000 0.0000 0.0000 1.0000
18       18   (0)      1  : 0.0000 0.0000 0.0000 0.0000 1.0000
19       19   (0)      2  : 0.0000 1.0000 0.0000 0.0000 0.0000
20       20   (0)      2  : 0.0000 1.0000 0.0000 0.0000 0.0000
21       21   (0)      2  : 0.0000 1.0000 0.0000 0.0000 0.0000
22       22   (0)      2  : 0.4727 0.4623 0.0110 0.0540 0.0000
23       23   (0)      2  : 0.6579 0.0760 0.0827 0.1834 0.0000
24       24   (0)      2  : 0.0000 1.0000 0.0000 0.0000 0.0000
25       25   (0)      2  : 0.0000 1.0000 0.0000 0.0000 0.0000
26       26   (0)      2  : 0.0000 1.0000 0.0000 0.0000 0.0000
27       27   (0)      2  : 0.0082 0.9780 0.0000 0.0138 0.0000
28       28   (0)      2  : 0.0000 1.0000 0.0000 0.0000 0.0000
29       29   (0)      2  : 0.0000 0.9767 0.0000 0.0233 0.0000
30       30   (0)      2  : 0.0899 0.8500 0.0601 0.0000 0.0000
31       31   (0)      2  : 0.0951 0.8961 0.0088 0.0000 0.0000
32       32   (0)      2  : 0.0000 0.9186 0.0690 0.0000 0.0123
33       33   (0)      2  : 0.0167 0.9833 0.0000 0.0000 0.0000
34       34   (0)      2  : 0.0000 1.0000 0.0000 0.0000 0.0000
35       35   (0)      2  : 0.0000 1.0000 0.0000 0.0000 0.0000
36       36   (0)      2  : 0.0000 0.9558 0.0000 0.0441 0.0000
37       37   (0)      2  : 1.0000 0.0000 0.0000 0.0000 0.0000
38       38   (0)      1  : 0.0000 0.0000 0.0000 0.8275 0.1724
39       39   (0)      1  : 1.0000 0.0000 0.0000 0.0000 0.0000
40       40   (0)      1  : 0.6650 0.0000 0.0000 0.2417 0.0932
41       41   (0)      1  : 0.0000 0.0000 0.0000 1.0000 0.0000
42       42   (0)      1  : 0.0000 0.0000 0.0000 1.0000 0.0000
43       43   (0)      1  : 0.4516 0.0000 0.0000 0.5484 0.0000
44       44   (0)      1  : 0.0000 0.0000 0.0000 0.6329 0.3671
