1        1   (0)      1  : 1.0000 0.0000 0.0000
2        2   (0)      1  : 0.6922 0.0000 0.3078
3        3   (0)      1  : 0.7956 0.0000 0.2044
4        4   (0)      1  : 0.8957 0.0572 0.0471
5        5   (0)      1  : 0.7588 0.0000 0.2412
6        6   (0)      1  : 0.6899 0.0000 0.3101
7        7   (0)      1  : 0.7878 0.0000 0.2122
8        8   (0)      1  : 0.7623 0.0000 0.2377
9        9   (0)      1  : 1.0000 0.0000 0.0000
10       10   (0)      2  : 1.0000 0.0000 0.0000
11       11   (0)      1  : 0.7023 0.0477 0.2500
12       12   (0)      1  : 0.6806 0.0000 0.3194
13       13   (0)      2  : 0.8784 0.0000 0.1216
14       14   (0)      1  : 0.9981 0.0019 0.0000
15       15   (0)      1  : 0.8090 0.0000 0.1910
16       16   (0)      1  : 0.4955 0.0644 0.4400
17       17   (0)      1  : 0.9407 0.0276 0.0317
18       18   (0)      1  : 1.0000 0.0000 0.0000
19       19   (0)      2  : 0.0000 1.0000 0.0000
20       20   (0)      2  : 0.0000 1.0000 0.0000
21       21   (0)      2  : 0.0000 1.0000 0.0000
22       22   (0)      2  : 0.4909 0.1601 0.3490
23       23   (0)      2  : 0.8647 0.0282 0.1071
24       24   (0)      2  : 0.0000 1.0000 0.0000
25       25   (0)      2  : 0.0000 1.0000 0.0000
26       26   (0)      2  : 0.0000 0.8756 0.1244
27       27   (0)      2  : 0.0000 0.0000 1.0000
28       28   (0)      2  : 0.0000 1.0000 0.0000
29       29   (0)      2  : 0.0000 0.4996 0.5004
30       30   (0)      2  : 0.0000 0.0000 1.0000
31       31   (0)      2  : 0.0000 0.0000 1.0000
32       32   (0)      2  : 0.0000 0.2435 0.7565
33       33   (0)      2  : 0.0000 0.0000 1.0000
34       34   (0)      2  : 0.0000 0.1158 0.8842
35       35   (0)      2  : 0.0000 0.6260 0.3740
36       36   (0)      2  : 0.0000 0.3189 0.6811
37       37   (0)      2  : 0.9976 0.0000 0.0024
38       38   (0)      1  : 0.9648 0.0352 0.0000
39       39   (0)      1  : 1.0000 0.0000 0.0000
40       40   (0)      1  : 0.9859 0.0141 0.0000
41       41   (0)      1  : 0.8803 0.0000 0.1197
42       42   (0)      1  : 0.8513 0.0718 0.0769
43       43   (0)      1  : 0.9588 0.0412 0.0000
44       44   (0)      1  : 0.9395 0.0490 0.0114
