1        1   (0)      1  : 1.0000 0.0000 0.0000 0.0000 0.0000
2        2   (0)      1  : 0.0000 0.0000 1.0000 0.0000 0.0000
3        3   (0)      1  : 0.1213 0.0000 0.6687 0.0113 0.1986
4        4   (0)      1  : 0.1938 0.0289 0.1854 0.0000 0.5918
5        5   (0)      1  : 0.0000 0.0000 0.8906 0.0000 0.1094
6        6   (0)      1  : 0.0000 0.0000 1.0000 0.0000 0.0000
7        7   (0)      1  : 0.0000 0.0000 0.9216 0.0000 0.0784
8        8   (0)      1  : 0.1520 0.0101 0.7313 0.0066 0.1001
9        9   (0)      1  : 0.4235 0.0000 0.0000 0.0000 0.5765
10       10   (0)      2  : 0.4939 0.0000 0.0000 0.0000 0.5060
11       11   (0)      1  : 0.2230 0.0438 0.4185 0.1273 0.1874
12       12   (0)      1  : 0.0000 0.0000 1.0000 0.0000 0.0000
13       13   (0)      2  : 0.3102 0.0000 0.1866 0.0551 0.4481
14       14   (0)      1  : 0.0925 0.0000 0.0186 0.0000 0.8889
15       15   (0)      1  : 0.0157 0.0000 0.8064 0.0000 0.1779
16       16   (0)      1  : 0.5362 0.0010 0.0000 0.4628 0.0000
17       17   (0)      1  : 0.0829 0.0000 0.0221 0.0000 0.8950
18       18   (0)      1  : 0.1111 0.0000 0.0000 0.0000 0.8889
19       19   (0)      2  : 0.0000 1.0000 0.0000 0.0000 0.0000
20       20   (0)      2  : 0.0000 1.0000 0.0000 0.0000 0.0000
21       21   (0)      2  : 0.0000 1.0000 0.0000 0.0000 0.0000
22       22   (0)      2  : 0.5041 0.1315 0.0004 0.3640 0.0000
23       23   (0)      2  : 0.7988 0.0000 0.0986 0.1026 0.0000
24       24   (0)      2  : 0.0000 1.0000 0.0000 0.0000 0.0000
25       25   (0)      2  : 0.0000 0.9906 0.0000 0.0000 0.0093
26       26   (0)      2  : 0.0000 0.8529 0.0000 0.1307 0.0164
27       27   (0)      2  : 0.0000 0.0000 0.0000 0.9692 0.0308
28       28   (0)      2  : 0.0000 1.0000 0.0000 0.0000 0.0000
29       29   (0)      2  : 0.0000 0.4867 0.0000 0.4522 0.0611
30       30   (0)      2  : 0.0000 0.0000 0.0000 1.0000 0.0000
31       31   (0)      2  : 0.0000 0.0000 0.0000 1.0000 0.0000
32       32   (0)      2  : 0.0000 0.2155 0.0000 0.6734 0.1111
33       33   (0)      2  : 0.0000 0.0000 0.0000 0.9636 0.0363
34       34   (0)      2  : 0.0000 0.1007 0.0000 0.8659 0.0334
35       35   (0)      2  : 0.0000 0.6203 0.0000 0.3306 0.0492
36       36   (0)      2  : 0.0000 0.2831 0.0000 0.6058 0.1111
37       37   (0)      2  : 0.9993 0.0000 0.0000 0.0007 0.0000
38       38   (0)      1  : 0.6042 0.0000 0.2230 0.0000 0.1728
39       39   (0)      1  : 1.0000 0.0000 0.0000 0.0000 0.0000
40       40   (0)      1  : 0.8797 0.0000 0.0046 0.0029 0.1128
41       41   (0)      1  : 0.5640 0.0000 0.3690 0.0045 0.0625
42       42   (0)      1  : 0.7081 0.0232 0.2679 0.0008 0.0000
43       43   (0)      1  : 0.9828 0.0033 0.0138 0.0000 0.0000
44       44   (0)      1  : 0.3903 0.0000 0.3003 0.0000 0.3094
