1        1   (0)      1  : 1.0000 0.0000 0.0000 0.0000
2        2   (0)      1  : 0.0000 0.0000 1.0000 0.0000
3        3   (0)      1  : 0.2536 0.0000 0.7335 0.0129
4        4   (0)      1  : 0.6264 0.0360 0.3376 0.0000
5        5   (0)      1  : 0.0000 0.0000 1.0000 0.0000
6        6   (0)      1  : 0.0000 0.0000 1.0000 0.0000
7        7   (0)      1  : 0.0000 0.0000 1.0000 0.0000
8        8   (0)      1  : 0.2021 0.0082 0.7789 0.0109
9        9   (0)      1  : 1.0000 0.0000 0.0000 0.0000
10       10   (0)      2  : 1.0000 0.0000 0.0000 0.0000
11       11   (0)      1  : 0.3430 0.0477 0.4668 0.1425
12       12   (0)      1  : 0.0000 0.0000 1.0000 0.0000
13       13   (0)      2  : 0.6975 0.0000 0.2370 0.0655
14       14   (0)      1  : 0.8253 0.0000 0.1747 0.0000
15       15   (0)      1  : 0.1370 0.0000 0.8630 0.0000
16       16   (0)      1  : 0.5205 0.0060 0.0000 0.4735
17       17   (0)      1  : 0.7510 0.0146 0.2313 0.0031
18       18   (0)      1  : 1.0000 0.0000 0.0000 0.0000
19       19   (0)      2  : 0.0000 1.0000 0.0000 0.0000
20       20   (0)      2  : 0.0000 1.0000 0.0000 0.0000
21       21   (0)      2  : 0.0000 1.0000 0.0000 0.0000
22       22   (0)      2  : 0.4841 0.1339 0.0086 0.3734
23       23   (0)      2  : 0.7708 0.0000 0.1222 0.1070
24       24   (0)      2  : 0.0000 1.0000 0.0000 0.0000
25       25   (0)      2  : 0.0000 1.0000 0.0000 0.0000
26       26   (0)      2  : 0.0000 0.8573 0.0000 0.1427
27       27   (0)      2  : 0.0000 0.0000 0.0000 1.0000
28       28   (0)      2  : 0.0000 1.0000 0.0000 0.0000
29       29   (0)      2  : 0.0000 0.4953 0.0000 0.5047
30       30   (0)      2  : 0.0000 0.0000 0.0000 1.0000
31       31   (0)      2  : 0.0000 0.0000 0.0000 1.0000
32       32   (0)      2  : 0.0000 0.2440 0.0000 0.7560
33       33   (0)      2  : 0.0000 0.0000 0.0000 1.0000
34       34   (0)      2  : 0.0000 0.1046 0.0000 0.8954
35       35   (0)      2  : 0.0000 0.6279 0.0000 0.3720
36       36   (0)      2  : 0.0000 0.3194 0.0000 0.6806
37       37   (0)      2  : 1.0000 0.0000 0.0000 0.0000
38       38   (0)      1  : 0.7025 0.0000 0.2974 0.0000
39       39   (0)      1  : 1.0000 0.0000 0.0000 0.0000
40       40   (0)      1  : 0.9441 0.0000 0.0559 0.0000
41       41   (0)      1  : 0.5389 0.0000 0.4449 0.0162
42       42   (0)      1  : 0.5755 0.0607 0.3638 0.0000
43       43   (0)      1  : 0.8495 0.0232 0.1273 0.0000
44       44   (0)      1  : 0.6163 0.0000 0.3837 0.0000
