1        1   (0)      1  : 1.0000 0.0000 0.0000
2        2   (0)      1  : 0.0000 0.0000 1.0000
3        3   (0)      1  : 0.2575 0.0057 0.7368
4        4   (0)      1  : 0.6277 0.0311 0.3412
5        5   (0)      1  : 0.0000 0.0000 1.0000
6        6   (0)      1  : 0.0000 0.0000 1.0000
7        7   (0)      1  : 0.0000 0.0000 1.0000
8        8   (0)      1  : 0.2029 0.0162 0.7809
9        9   (0)      1  : 1.0000 0.0000 0.0000
10       10   (0)      2  : 1.0000 0.0000 0.0000
11       11   (0)      1  : 0.3484 0.1778 0.4738
12       12   (0)      1  : 0.0000 0.0000 1.0000
13       13   (0)      2  : 0.7058 0.0465 0.2477
14       14   (0)      1  : 0.8256 0.0000 0.1744
15       15   (0)      1  : 0.1369 0.0000 0.8631
16       16   (0)      1  : 0.5522 0.4477 0.0000
17       17   (0)      1  : 0.7522 0.0155 0.2323
18       18   (0)      1  : 1.0000 0.0000 0.0000
19       19   (0)      2  : 0.0000 1.0000 0.0000
20       20   (0)      2  : 0.0000 1.0000 0.0000
21       21   (0)      2  : 0.0000 1.0000 0.0000
22       22   (0)      2  : 0.4902 0.4686 0.0412
23       23   (0)      2  : 0.7671 0.0914 0.1414
24       24   (0)      2  : 0.0000 1.0000 0.0000
25       25   (0)      2  : 0.0000 1.0000 0.0000
26       26   (0)      2  : 0.0000 1.0000 0.0000
27       27   (0)      2  : 0.0000 1.0000 0.0000
28       28   (0)      2  : 0.0000 1.0000 0.0000
29       29   (0)      2  : 0.0062 0.9938 0.0000
30       30   (0)      2  : 0.0755 0.8652 0.0593
31       31   (0)      2  : 0.0744 0.9255 0.0001
32       32   (0)      2  : 0.0000 0.9247 0.0752
33       33   (0)      2  : 0.0000 1.0000 0.0000
34       34   (0)      2  : 0.0000 1.0000 0.0000
35       35   (0)      2  : 0.0000 1.0000 0.0000
36       36   (0)      2  : 0.0000 0.9670 0.0330
37       37   (0)      2  : 1.0000 0.0000 0.0000
38       38   (0)      1  : 0.6985 0.0000 0.3015
39       39   (0)      1  : 1.0000 0.0000 0.0000
40       40   (0)      1  : 0.9391 0.0000 0.0609
41       41   (0)      1  : 0.5384 0.0100 0.4516
42       42   (0)      1  : 0.5719 0.0569 0.3713
43       43   (0)      1  : 0.8495 0.0043 0.1462
44       44   (0)      1  : 0.6135 0.0000 0.3865
