 1        1   (0)      1 :  0.0000 0.0000 1.0000 0.0000 0.0000 
 2        2   (0)      1 :  0.0000 0.0000 0.0000 0.0000 1.0000 
 3        3   (0)      1 :  0.1996 0.0006 0.1092 0.0415 0.6492 
 4        4   (0)      1 :  0.5990 0.0274 0.1744 0.0323 0.1669 
 5        5   (0)      1 :  0.1108 0.0000 0.0000 0.0142 0.8750 
 6        6   (0)      1 :  0.0000 0.0000 0.0000 0.0000 1.0000 
 7        7   (0)      1 :  0.0787 0.0000 0.0000 0.0000 0.9212 
 8        8   (0)      1 :  0.1013 0.0110 0.1438 0.0216 0.7224 
 9        9   (0)      1 :  0.5790 0.0000 0.4210 0.0000 0.0000 
10       10   (0)      2 :  0.5091 0.0000 0.4909 0.0000 0.0000 
11       11   (0)      1 :  0.1864 0.0571 0.2146 0.1286 0.4133 
12       12   (0)      1 :  0.0000 0.0000 0.0000 0.0000 1.0000 
13       13   (0)      2 :  0.4502 0.0041 0.3078 0.0496 0.1882 
14       14   (0)      1 :  0.9000 0.0000 0.0832 0.0000 0.0168 
15       15   (0)      1 :  0.1801 0.0000 0.0149 0.0000 0.8049 
16       16   (0)      1 :  0.0000 0.0430 0.5404 0.4166 0.0000 
17       17   (0)      1 :  0.9055 0.0000 0.0746 0.0000 0.0199 
18       18   (0)      1 :  0.9000 0.0000 0.1000 0.0000 0.0000 
19       19   (0)      2 :  0.0000 1.0000 0.0000 0.0000 0.0000 
20       20   (0)      2 :  0.0000 1.0000 0.0000 0.0000 0.0000 
21       21   (0)      2 :  0.0000 1.0000 0.0000 0.0000 0.0000 
22       22   (0)      2 :  0.0000 0.1646 0.5010 0.3330 0.0015 
23       23   (0)      2 :  0.0000 0.0076 0.7847 0.1107 0.0970 
24       24   (0)      2 :  0.0000 1.0000 0.0000 0.0000 0.0000 
25       25   (0)      2 :  0.0084 0.9916 0.0000 0.0000 0.0000 
26       26   (0)      2 :  0.0147 0.8676 0.0000 0.1177 0.0000 
27       27   (0)      2 :  0.0277 0.0978 0.0008 0.8736 0.0000 
28       28   (0)      2 :  0.0000 1.0000 0.0000 0.0000 0.0000 
29       29   (0)      2 :  0.0550 0.5357 0.0000 0.4093 0.0000 
30       30   (0)      2 :  0.0000 0.0850 0.0090 0.9000 0.0060 
31       31   (0)      2 :  0.0000 0.0896 0.0095 0.9000 0.0009 
32       32   (0)      2 :  0.1012 0.2858 0.0000 0.6060 0.0069 
33       33   (0)      2 :  0.0327 0.0983 0.0017 0.8673 0.0000 
34       34   (0)      2 :  0.0300 0.1907 0.0000 0.7793 0.0000 
35       35   (0)      2 :  0.0442 0.6582 0.0000 0.2975 0.0000 
36       36   (0)      2 :  0.1000 0.3503 0.0000 0.5496 0.0000 
37       37   (0)      2 :  0.0000 0.0000 0.9993 0.0006 0.0000 
38       38   (0)      1 :  0.1728 0.0000 0.5438 0.0828 0.2007 
39       39   (0)      1 :  0.0000 0.0000 1.0000 0.0000 0.0000 
40       40   (0)      1 :  0.1108 0.0000 0.8583 0.0268 0.0041 
41       41   (0)      1 :  0.0562 0.0000 0.5076 0.1041 0.3321 
42       42   (0)      1 :  0.0000 0.0209 0.6373 0.1007 0.2411 
43       43   (0)      1 :  0.0000 0.0030 0.9297 0.0548 0.0124 
44       44   (0)      1 :  0.3151 0.0000 0.3513 0.0633 0.2703 
