1        1   (0)      1  : 1.0000 0.0000 0.0000 0.0000
2        2   (0)      1  : 0.0000 0.0000 1.0000 0.0000
3        3   (0)      1  : 0.1076 0.0087 0.6611 0.2226
4        4   (0)      1  : 0.1416 0.0245 0.1731 0.6608
5        5   (0)      1  : 0.0000 0.0000 0.8752 0.1247
6        6   (0)      1  : 0.0000 0.0000 1.0000 0.0000
7        7   (0)      1  : 0.0000 0.0000 0.9108 0.0892
8        8   (0)      1  : 0.1474 0.0138 0.7254 0.1134
9        9   (0)      1  : 0.3526 0.0000 0.0000 0.6474
10       10   (0)      2  : 0.4307 0.0000 0.0000 0.5693
11       11   (0)      1  : 0.2136 0.1781 0.4199 0.1885
12       12   (0)      1  : 0.0000 0.0000 1.0000 0.0000
13       13   (0)      2  : 0.2690 0.0420 0.1938 0.4952
14       14   (0)      1  : 0.0000 0.0000 0.0000 1.0000
15       15   (0)      1  : 0.0000 0.0000 0.7993 0.2007
16       16   (0)      1  : 0.5699 0.4300 0.0000 0.0000
17       17   (0)      1  : 0.0000 0.0000 0.0000 1.0000
18       18   (0)      1  : 0.0000 0.0000 0.0000 1.0000
19       19   (0)      2  : 0.0000 1.0000 0.0000 0.0000
20       20   (0)      2  : 0.0000 1.0000 0.0000 0.0000
21       21   (0)      2  : 0.0000 1.0000 0.0000 0.0000
22       22   (0)      2  : 0.5360 0.4640 0.0000 0.0000
23       23   (0)      2  : 0.8134 0.0810 0.1056 0.0000
24       24   (0)      2  : 0.0000 1.0000 0.0000 0.0000
25       25   (0)      2  : 0.0000 1.0000 0.0000 0.0000
26       26   (0)      2  : 0.0000 1.0000 0.0000 0.0000
27       27   (0)      2  : 0.0111 0.9889 0.0000 0.0000
28       28   (0)      2  : 0.0000 1.0000 0.0000 0.0000
29       29   (0)      2  : 0.0099 0.9901 0.0000 0.0000
30       30   (0)      2  : 0.0858 0.8576 0.0565 0.0000
31       31   (0)      2  : 0.0825 0.9159 0.0016 0.0000
32       32   (0)      2  : 0.0000 0.9215 0.0734 0.0051
33       33   (0)      2  : 0.0000 1.0000 0.0000 0.0000
34       34   (0)      2  : 0.0000 1.0000 0.0000 0.0000
35       35   (0)      2  : 0.0000 1.0000 0.0000 0.0000
36       36   (0)      2  : 0.0000 0.9620 0.0380 0.0000
37       37   (0)      2  : 1.0000 0.0000 0.0000 0.0000
38       38   (0)      1  : 0.5906 0.0000 0.2135 0.1958
39       39   (0)      1  : 1.0000 0.0000 0.0000 0.0000
40       40   (0)      1  : 0.8734 0.0000 0.0000 0.1266
41       41   (0)      1  : 0.5719 0.0000 0.3623 0.0657
42       42   (0)      1  : 0.7322 0.0027 0.2651 0.0000
43       43   (0)      1  : 1.0000 0.0000 0.0000 0.0000
44       44   (0)      1  : 0.3616 0.0000 0.2899 0.3485
