 1        1   (0)      1 :  1.0000 0.0000 0.0000 0.0000 
 2        2   (0)      1 :  0.0000 0.9367 0.0000 0.0633 
 3        3   (0)      1 :  0.1603 0.7498 0.0017 0.0882 
 4        4   (0)      1 :  0.3640 0.4732 0.0306 0.1322 
 5        5   (0)      1 :  0.0000 0.9325 0.0033 0.0642 
 6        6   (0)      1 :  0.0000 0.9354 0.0000 0.0645 
 7        7   (0)      1 :  0.0000 0.9630 0.0086 0.0284 
 8        8   (0)      1 :  0.1636 0.7498 0.0084 0.0782 
 9        9   (0)      1 :  0.6750 0.1955 0.0000 0.1295 
10       10   (0)      2 :  0.7017 0.1844 0.0000 0.1139 
11       11   (0)      1 :  0.2644 0.4932 0.0765 0.1659 
12       12   (0)      1 :  0.0000 0.9253 0.0055 0.0693 
13       13   (0)      2 :  0.4648 0.3749 0.0084 0.1519 
14       14   (0)      1 :  0.3301 0.4699 0.0000 0.2000 
15       15   (0)      1 :  0.0548 0.8963 0.0000 0.0489 
16       16   (0)      1 :  0.5389 0.0000 0.0884 0.3727 
17       17   (0)      1 :  0.3143 0.4786 0.0059 0.2012 
18       18   (0)      1 :  0.4882 0.3117 0.0000 0.2000 
19       19   (0)      2 :  0.0000 0.0000 1.0000 0.0000 
20       20   (0)      2 :  0.0000 0.0000 1.0000 0.0000 
21       21   (0)      2 :  0.0000 0.0000 1.0000 0.0000 
22       22   (0)      2 :  0.5036 0.0034 0.1979 0.2951 
23       23   (0)      2 :  0.8005 0.0896 0.0162 0.0937 
24       24   (0)      2 :  0.0000 0.0000 1.0000 0.0000 
25       25   (0)      2 :  0.0000 0.0000 1.0000 0.0000 
26       26   (0)      2 :  0.0000 0.0000 0.8880 0.1120 
27       27   (0)      2 :  0.0022 0.0000 0.1978 0.8000 
28       28   (0)      2 :  0.0000 0.0000 1.0000 0.0000 
29       29   (0)      2 :  0.0020 0.0000 0.5942 0.4038 
30       30   (0)      2 :  0.0172 0.0113 0.1715 0.8000 
31       31   (0)      2 :  0.0165 0.0003 0.1832 0.8000 
32       32   (0)      2 :  0.0000 0.0147 0.3824 0.6029 
33       33   (0)      2 :  0.0000 0.0000 0.2000 0.8000 
34       34   (0)      2 :  0.0000 0.0000 0.2822 0.7178 
35       35   (0)      2 :  0.0000 0.0000 0.7016 0.2983 
36       36   (0)      2 :  0.0000 0.0076 0.4482 0.5442 
37       37   (0)      2 :  1.0000 0.0000 0.0000 0.0000 
38       38   (0)      1 :  0.6433 0.3176 0.0000 0.0392 
39       39   (0)      1 :  1.0000 0.0000 0.0000 0.0000 
40       40   (0)      1 :  0.9126 0.0620 0.0000 0.0253 
41       41   (0)      1 :  0.5587 0.3978 0.0000 0.0435 
42       42   (0)      1 :  0.6825 0.2535 0.0541 0.0099 
43       43   (0)      1 :  0.9398 0.0509 0.0093 0.0000 
44       44   (0)      1 :  0.4764 0.4520 0.0019 0.0697 
