1        1   (0)      1  : 0.0000 0.0000 1.0000
2        2   (0)      1  : 0.8991 0.1009 0.0000
3        3   (0)      1  : 0.8295 0.0659 0.1046
4        4   (0)      1  : 0.7496 0.0163 0.2341
5        5   (0)      1  : 0.9294 0.0706 0.0000
6        6   (0)      1  : 0.8985 0.1015 0.0000
7        7   (0)      1  : 0.9885 0.0115 0.0000
8        8   (0)      1  : 0.7588 0.1025 0.1387
9        9   (0)      1  : 0.4722 0.0000 0.5278
10       10   (0)      2  : 0.4466 0.0000 0.5534
11       11   (0)      1  : 0.5714 0.2069 0.2217
12       12   (0)      1  : 0.8566 0.1434 0.0000
13       13   (0)      2  : 0.6106 0.0410 0.3484
14       14   (0)      1  : 1.0000 0.0000 0.0000
15       15   (0)      1  : 1.0000 0.0000 0.0000
16       16   (0)      1  : 0.0000 0.4302 0.5698
17       17   (0)      1  : 0.9351 0.0000 0.0649
18       18   (0)      1  : 0.7588 0.0000 0.2412
19       19   (0)      2  : 0.0000 1.0000 0.0000
20       20   (0)      2  : 0.0000 1.0000 0.0000
21       21   (0)      2  : 0.0000 1.0000 0.0000
22       22   (0)      2  : 0.0000 0.4670 0.5330
23       23   (0)      2  : 0.0606 0.1092 0.8302
24       24   (0)      2  : 0.0000 1.0000 0.0000
25       25   (0)      2  : 0.0000 1.0000 0.0000
26       26   (0)      2  : 0.0000 1.0000 0.0000
27       27   (0)      2  : 0.0000 0.9949 0.0051
28       28   (0)      2  : 0.0000 1.0000 0.0000
29       29   (0)      2  : 0.0000 0.9926 0.0074
30       30   (0)      2  : 0.0370 0.8711 0.0919
31       31   (0)      2  : 0.0000 0.9197 0.0803
32       32   (0)      2  : 0.0660 0.9340 0.0000
33       33   (0)      2  : 0.0000 1.0000 0.0000
34       34   (0)      2  : 0.0000 1.0000 0.0000
35       35   (0)      2  : 0.0000 1.0000 0.0000
36       36   (0)      2  : 0.0022 0.9978 0.0000
37       37   (0)      2  : 0.0000 0.0000 1.0000
38       38   (0)      1  : 0.3819 0.0000 0.6181
39       39   (0)      1  : 0.0000 0.0000 1.0000
40       40   (0)      1  : 0.0809 0.0000 0.9191
41       41   (0)      1  : 0.3765 0.0454 0.5781
42       42   (0)      1  : 0.1431 0.0956 0.7612
43       43   (0)      1  : 0.0000 0.0000 1.0000
44       44   (0)      1  : 0.5956 0.0000 0.4044
