1        1   (0)      1  : 1.0000 0.0000
2        2   (0)      1  : 0.7677 0.2323
3        3   (0)      1  : 0.8383 0.1617
4        4   (0)      1  : 0.9105 0.0895
5        5   (0)      1  : 0.8024 0.1976
6        6   (0)      1  : 0.7637 0.2363
7        7   (0)      1  : 0.8350 0.1650
8        8   (0)      1  : 0.8051 0.1949
9        9   (0)      1  : 1.0000 0.0000
10       10   (0)      2  : 1.0000 0.0000
11       11   (0)      1  : 0.7375 0.2625
12       12   (0)      1  : 0.7414 0.2586
13       13   (0)      2  : 0.9078 0.0922
14       14   (0)      1  : 1.0000 0.0000
15       15   (0)      1  : 0.8670 0.1330
16       16   (0)      1  : 0.5357 0.4643
17       17   (0)      1  : 0.9551 0.0449
18       18   (0)      1  : 1.0000 0.0000
19       19   (0)      2  : 0.0000 1.0000
20       20   (0)      2  : 0.0000 1.0000
21       21   (0)      2  : 0.0000 1.0000
22       22   (0)      2  : 0.5249 0.4751
23       23   (0)      2  : 0.8906 0.1094
24       24   (0)      2  : 0.0000 1.0000
25       25   (0)      2  : 0.0000 1.0000
26       26   (0)      2  : 0.0000 1.0000
27       27   (0)      2  : 0.0000 1.0000
28       28   (0)      2  : 0.0000 1.0000
29       29   (0)      2  : 0.0039 0.9961
30       30   (0)      2  : 0.1188 0.8812
31       31   (0)      2  : 0.0718 0.9282
32       32   (0)      2  : 0.0438 0.9562
33       33   (0)      2  : 0.0000 1.0000
34       34   (0)      2  : 0.0000 1.0000
35       35   (0)      2  : 0.0000 1.0000
36       36   (0)      2  : 0.0000 1.0000
37       37   (0)      2  : 1.0000 0.0000
38       38   (0)      1  : 0.9912 0.0088
39       39   (0)      1  : 1.0000 0.0000
40       40   (0)      1  : 1.0000 0.0000
41       41   (0)      1  : 0.9088 0.0912
42       42   (0)      1  : 0.8742 0.1258
43       43   (0)      1  : 0.9802 0.0198
44       44   (0)      1  : 0.9568 0.0432
