 1        1   (0)      1 :  1.0000 0.0000 0.0000 
 2        2   (0)      1 :  0.1384 0.8414 0.0202 
 3        3   (0)      1 :  0.3345 0.6489 0.0166 
 4        4   (0)      1 :  0.6026 0.3641 0.0333 
 5        5   (0)      1 :  0.1518 0.8341 0.0141 
 6        6   (0)      1 :  0.1380 0.8417 0.0203 
 7        7   (0)      1 :  0.1576 0.8401 0.0023 
 8        8   (0)      1 :  0.3019 0.6678 0.0302 
 9        9   (0)      1 :  0.9056 0.0944 0.0000 
10       10   (0)      2 :  0.9107 0.0893 0.0000 
11       11   (0)      1 :  0.3938 0.4486 0.1576 
12       12   (0)      1 :  0.1361 0.8352 0.0287 
13       13   (0)      2 :  0.6688 0.2951 0.0361 
14       14   (0)      1 :  0.6950 0.3046 0.0004 
15       15   (0)      1 :  0.2440 0.7560 0.0000 
16       16   (0)      1 :  0.5444 0.0880 0.3676 
17       17   (0)      1 :  0.6524 0.3327 0.0148 
18       18   (0)      1 :  0.8482 0.1518 0.0000 
19       19   (0)      2 :  0.0000 0.0000 1.0000 
20       20   (0)      2 :  0.0000 0.0000 1.0000 
21       21   (0)      2 :  0.0000 0.0000 1.0000 
22       22   (0)      2 :  0.4989 0.0945 0.4066 
23       23   (0)      2 :  0.7993 0.1184 0.0823 
24       24   (0)      2 :  0.0000 0.0000 1.0000 
25       25   (0)      2 :  0.0000 0.0000 1.0000 
26       26   (0)      2 :  0.0000 0.0249 0.9751 
27       27   (0)      2 :  0.0010 0.2000 0.7990 
28       28   (0)      2 :  0.0000 0.0000 1.0000 
29       29   (0)      2 :  0.0052 0.1001 0.8947 
30       30   (0)      2 :  0.0637 0.2430 0.6933 
31       31   (0)      2 :  0.0607 0.2000 0.7393 
32       32   (0)      2 :  0.0000 0.2096 0.7903 
33       33   (0)      2 :  0.0000 0.2000 0.8000 
34       34   (0)      2 :  0.0000 0.1768 0.8231 
35       35   (0)      2 :  0.0000 0.0748 0.9252 
36       36   (0)      2 :  0.0000 0.1565 0.8435 
37       37   (0)      2 :  0.9995 0.0005 0.0000 
38       38   (0)      1 :  0.7357 0.2573 0.0071 
39       39   (0)      1 :  1.0000 0.0000 0.0000 
40       40   (0)      1 :  0.9444 0.0527 0.0028 
41       41   (0)      1 :  0.6147 0.3702 0.0151 
42       42   (0)      1 :  0.6656 0.2668 0.0676 
43       43   (0)      1 :  0.9014 0.0877 0.0108 
44       44   (0)      1 :  0.6369 0.3533 0.0098 
