1        1   (0)      1  : 1.0000 0.0000 0.0000 0.0000
2        2   (0)      1  : 0.0000 0.0000 0.8417 0.1582
3        3   (0)      1  : 0.0932 0.0000 0.8104 0.0964
4        4   (0)      1  : 0.2128 0.0283 0.7589 0.0000
5        5   (0)      1  : 0.0000 0.0082 0.8937 0.0982
6        6   (0)      1  : 0.0000 0.0000 0.8386 0.1614
7        7   (0)      1  : 0.0000 0.0214 0.9522 0.0264
8        8   (0)      1  : 0.1332 0.0058 0.7330 0.1280
9        9   (0)      1  : 0.5112 0.0000 0.4888 0.0000
10       10   (0)      2  : 0.5391 0.0000 0.4609 0.0000
11       11   (0)      1  : 0.2113 0.0545 0.5561 0.1781
12       12   (0)      1  : 0.0000 0.0137 0.8132 0.1731
13       13   (0)      2  : 0.3300 0.0000 0.6033 0.0668
14       14   (0)      1  : 0.0000 0.0000 1.0000 0.0000
15       15   (0)      1  : 0.0000 0.0000 0.9780 0.0219
16       16   (0)      1  : 0.5417 0.0000 0.0000 0.4582
17       17   (0)      1  : 0.0348 0.0000 0.9651 0.0000
18       18   (0)      1  : 0.2206 0.0000 0.7793 0.0000
19       19   (0)      2  : 0.0000 1.0000 0.0000 0.0000
20       20   (0)      2  : 0.0000 1.0000 0.0000 0.0000
21       21   (0)      2  : 0.0000 1.0000 0.0000 0.0000
22       22   (0)      2  : 0.5069 0.1289 0.0000 0.3642
23       23   (0)      2  : 0.8237 0.0000 0.0491 0.1272
24       24   (0)      2  : 0.0000 1.0000 0.0000 0.0000
25       25   (0)      2  : 0.0000 1.0000 0.0000 0.0000
26       26   (0)      2  : 0.0000 0.8627 0.0000 0.1373
27       27   (0)      2  : 0.0000 0.0000 0.0000 1.0000
28       28   (0)      2  : 0.0000 1.0000 0.0000 0.0000
29       29   (0)      2  : 0.0000 0.4952 0.0000 0.5048
30       30   (0)      2  : 0.0000 0.0000 0.0000 1.0000
31       31   (0)      2  : 0.0000 0.0000 0.0000 1.0000
32       32   (0)      2  : 0.0000 0.2512 0.0000 0.7488
33       33   (0)      2  : 0.0000 0.0000 0.0000 1.0000
34       34   (0)      2  : 0.0000 0.1008 0.0000 0.8992
35       35   (0)      2  : 0.0000 0.6262 0.0000 0.3738
36       36   (0)      2  : 0.0000 0.3200 0.0000 0.6799
37       37   (0)      2  : 1.0000 0.0000 0.0000 0.0000
38       38   (0)      1  : 0.6103 0.0000 0.3897 0.0000
39       39   (0)      1  : 1.0000 0.0000 0.0000 0.0000
40       40   (0)      1  : 0.9008 0.0000 0.0991 0.0000
41       41   (0)      1  : 0.5719 0.0000 0.3684 0.0596
42       42   (0)      1  : 0.7647 0.0733 0.1373 0.0247
43       43   (0)      1  : 1.0000 0.0000 0.0000 0.0000
44       44   (0)      1  : 0.3938 0.0048 0.6014 0.0000
